2026-04-06 06:15:27	/Users/atulgrover/Desktop/RAG2/Dokuwiki/lib/plugins/markdowku/syntax/ulists.php(79)	E_WARNING: Undefined array key 2
  #0 /Users/atulgrover/Desktop/RAG2/Dokuwiki/lib/plugins/markdowku/syntax/ulists.php(79): dokuwiki\ErrorHandler::errorHandler(2, 'Undefined array...', '/Users/atulgrov...', 79)
  #1 /Users/atulgrover/Desktop/RAG2/Dokuwiki/inc/Parsing/Handler/Lists.php(80): Doku_Handler_Markdown_Unordered_List->interpretSyntax('\n  * ', 'u')
  #2 /Users/atulgrover/Desktop/RAG2/Dokuwiki/inc/Parsing/Handler/Lists.php(32): dokuwiki\Parsing\Handler\Lists->listOpen(Array)
  #3 /Users/atulgrover/Desktop/RAG2/Dokuwiki/lib/plugins/markdowku/syntax/ulists.php(55): dokuwiki\Parsing\Handler\Lists->process()
  #4 /Users/atulgrover/Desktop/RAG2/Dokuwiki/inc/parser/handler.php(298): syntax_plugin_markdowku_ulists->handle('\n\n', 4, 875, Object(Doku_Handler))
  #5 /Users/atulgrover/Desktop/RAG2/Dokuwiki/inc/Parsing/Lexer/Lexer.php(269): Doku_Handler->plugin('\n\n', 4, 875, 'markdowku_ulist...')
  #6 /Users/atulgrover/Desktop/RAG2/Dokuwiki/inc/Parsing/Lexer/Lexer.php(189): dokuwiki\Parsing\Lexer\Lexer->invokeHandler('\n\n', 4, 875)
  #7 /Users/atulgrover/Desktop/RAG2/Dokuwiki/inc/Parsing/Lexer/Lexer.php(146): dokuwiki\Parsing\Lexer\Lexer->dispatchTokens('', '\n\n', '__exit', 875, 875)
  #8 /Users/atulgrover/Desktop/RAG2/Dokuwiki/inc/Parsing/Parser.php(113): dokuwiki\Parsing\Lexer\Lexer->parse('\n-----------\n\n=...')
  #9 /Users/atulgrover/Desktop/RAG2/Dokuwiki/inc/parserutils.php(234): dokuwiki\Parsing\Parser->parse('\n~~NOTOC~~\n\n\\\\\n...')
  #10 /Users/atulgrover/Desktop/RAG2/Dokuwiki/inc/parserutils.php(198): p_get_instructions('~~NOTOC~~\n\n\\\\\n\n...')
  #11 /Users/atulgrover/Desktop/RAG2/Dokuwiki/inc/parserutils.php(520): p_cached_instructions('/Users/atulgrov...', false, 'sidebar')
  #12 /Users/atulgrover/Desktop/RAG2/Dokuwiki/inc/parserutils.php(299): p_render_metadata('sidebar', Array)
  #13 /Users/atulgrover/Desktop/RAG2/Dokuwiki/inc/Cache/CacheRenderer.php(79): p_get_metadata('sidebar', 'date valid')
  #14 /Users/atulgrover/Desktop/RAG2/Dokuwiki/inc/Cache/Cache.php(79): dokuwiki\Cache\CacheRenderer->addDependencies()
  #15 /Users/atulgrover/Desktop/RAG2/Dokuwiki/inc/parserutils.php(152): dokuwiki\Cache\Cache->useCache()
  #16 /Users/atulgrover/Desktop/RAG2/Dokuwiki/inc/parserutils.php(97): p_cached_output('/Users/atulgrov...', 'xhtml', 'sidebar')
  #17 /Users/atulgrover/Desktop/RAG2/Dokuwiki/inc/template.php(1680): p_wiki_xhtml('sidebar', '', false)
  #18 /Users/atulgrover/Desktop/RAG2/Dokuwiki/lib/tpl/dokuwiki/main.php(43): tpl_include_page('sidebar', true, true)
  #19 /Users/atulgrover/Desktop/RAG2/Dokuwiki/inc/actions.php(30): include('/Users/atulgrov...')
  #20 /Users/atulgrover/Desktop/RAG2/Dokuwiki/doku.php(131): act_dispatch()
  #21 /Users/atulgrover/Desktop/RAG2/Dokuwiki/index.php(76): require('/Users/atulgrov...')
  #22 {main}
2026-04-06 06:15:27	/Users/atulgrover/Desktop/RAG2/Dokuwiki/lib/plugins/onlinenumber/syntax.php(142)	E_WARNING: Constant PLUGIN_ONLINE_TIMEOUT already defined, this will be an error in PHP 9
  #0 [internal function]: dokuwiki\ErrorHandler::errorHandler(2, 'Constant PLUGIN...', '/Users/atulgrov...', 142)
  #1 /Users/atulgrover/Desktop/RAG2/Dokuwiki/lib/plugins/onlinenumber/syntax.php(142): define('PLUGIN_ONLINE_T...', 600)
  #2 /Users/atulgrover/Desktop/RAG2/Dokuwiki/inc/parser/renderer.php(126): syntax_plugin_onlinenumber->render('xhtml', Object(Doku_Renderer_xhtml), Array)
  #3 /Users/atulgrover/Desktop/RAG2/Dokuwiki/inc/parserutils.php(691): Doku_Renderer->plugin('onlinenumber', Array, 5, '{{onlinenumber}...')
  #4 /Users/atulgrover/Desktop/RAG2/Dokuwiki/inc/parserutils.php(158): p_render('xhtml', Array, NULL)
  #5 /Users/atulgrover/Desktop/RAG2/Dokuwiki/inc/parserutils.php(97): p_cached_output('/Users/atulgrov...', 'xhtml', 'sidebar')
  #6 /Users/atulgrover/Desktop/RAG2/Dokuwiki/inc/template.php(1680): p_wiki_xhtml('sidebar', '', false)
  #7 /Users/atulgrover/Desktop/RAG2/Dokuwiki/lib/tpl/dokuwiki/main.php(43): tpl_include_page('sidebar', true, true)
  #8 /Users/atulgrover/Desktop/RAG2/Dokuwiki/inc/actions.php(30): include('/Users/atulgrov...')
  #9 /Users/atulgrover/Desktop/RAG2/Dokuwiki/doku.php(131): act_dispatch()
  #10 /Users/atulgrover/Desktop/RAG2/Dokuwiki/index.php(76): require('/Users/atulgrov...')
  #11 {main}
2026-04-06 06:15:27	/Users/atulgrover/Desktop/RAG2/Dokuwiki/lib/plugins/onlinenumber/syntax.php(145)	E_WARNING: Constant PLUGIN_ONLINE_USER_LIST already defined, this will be an error in PHP 9
  #0 [internal function]: dokuwiki\ErrorHandler::errorHandler(2, 'Constant PLUGIN...', '/Users/atulgrov...', 145)
  #1 /Users/atulgrover/Desktop/RAG2/Dokuwiki/lib/plugins/onlinenumber/syntax.php(145): define('PLUGIN_ONLINE_U...', '/Users/atulgrov...')
  #2 /Users/atulgrover/Desktop/RAG2/Dokuwiki/inc/parser/renderer.php(126): syntax_plugin_onlinenumber->render('xhtml', Object(Doku_Renderer_xhtml), Array)
  #3 /Users/atulgrover/Desktop/RAG2/Dokuwiki/inc/parserutils.php(691): Doku_Renderer->plugin('onlinenumber', Array, 5, '{{onlinenumber}...')
  #4 /Users/atulgrover/Desktop/RAG2/Dokuwiki/inc/parserutils.php(158): p_render('xhtml', Array, NULL)
  #5 /Users/atulgrover/Desktop/RAG2/Dokuwiki/inc/parserutils.php(97): p_cached_output('/Users/atulgrov...', 'xhtml', 'sidebar')
  #6 /Users/atulgrover/Desktop/RAG2/Dokuwiki/inc/template.php(1680): p_wiki_xhtml('sidebar', '', false)
  #7 /Users/atulgrover/Desktop/RAG2/Dokuwiki/lib/tpl/dokuwiki/main.php(43): tpl_include_page('sidebar', true, true)
  #8 /Users/atulgrover/Desktop/RAG2/Dokuwiki/inc/actions.php(30): include('/Users/atulgrov...')
  #9 /Users/atulgrover/Desktop/RAG2/Dokuwiki/doku.php(131): act_dispatch()
  #10 /Users/atulgrover/Desktop/RAG2/Dokuwiki/index.php(76): require('/Users/atulgrov...')
  #11 {main}
2026-04-06 06:15:27	/Users/atulgrover/Desktop/RAG2/Dokuwiki/lib/plugins/onlinenumber/syntax.php(148)	E_WARNING: Constant PLUGIN_ONLINE_LIST_REGEX already defined, this will be an error in PHP 9
  #0 /Users/atulgrover/Desktop/RAG2/Dokuwiki/lib/plugins/onlinenumber/syntax.php(148): dokuwiki\ErrorHandler::errorHandler(2, 'Constant PLUGIN...', '/Users/atulgrov...', 148)
  #1 /Users/atulgrover/Desktop/RAG2/Dokuwiki/inc/parser/renderer.php(126): syntax_plugin_onlinenumber->render('xhtml', Object(Doku_Renderer_xhtml), Array)
  #2 /Users/atulgrover/Desktop/RAG2/Dokuwiki/inc/parserutils.php(691): Doku_Renderer->plugin('onlinenumber', Array, 5, '{{onlinenumber}...')
  #3 /Users/atulgrover/Desktop/RAG2/Dokuwiki/inc/parserutils.php(158): p_render('xhtml', Array, NULL)
  #4 /Users/atulgrover/Desktop/RAG2/Dokuwiki/inc/parserutils.php(97): p_cached_output('/Users/atulgrov...', 'xhtml', 'sidebar')
  #5 /Users/atulgrover/Desktop/RAG2/Dokuwiki/inc/template.php(1680): p_wiki_xhtml('sidebar', '', false)
  #6 /Users/atulgrover/Desktop/RAG2/Dokuwiki/lib/tpl/dokuwiki/main.php(43): tpl_include_page('sidebar', true, true)
  #7 /Users/atulgrover/Desktop/RAG2/Dokuwiki/inc/actions.php(30): include('/Users/atulgrov...')
  #8 /Users/atulgrover/Desktop/RAG2/Dokuwiki/doku.php(131): act_dispatch()
  #9 /Users/atulgrover/Desktop/RAG2/Dokuwiki/index.php(76): require('/Users/atulgrov...')
  #10 {main}
2026-04-06 06:15:27	/Users/atulgrover/Desktop/RAG2/Dokuwiki/lib/plugins/onlinenumber/syntax.php(151)	E_WARNING: Constant UTIME already defined, this will be an error in PHP 9
  #0 [internal function]: dokuwiki\ErrorHandler::errorHandler(2, 'Constant UTIME ...', '/Users/atulgrov...', 151)
  #1 /Users/atulgrover/Desktop/RAG2/Dokuwiki/lib/plugins/onlinenumber/syntax.php(151): define('UTIME', 1775456127)
  #2 /Users/atulgrover/Desktop/RAG2/Dokuwiki/inc/parser/renderer.php(126): syntax_plugin_onlinenumber->render('xhtml', Object(Doku_Renderer_xhtml), Array)
  #3 /Users/atulgrover/Desktop/RAG2/Dokuwiki/inc/parserutils.php(691): Doku_Renderer->plugin('onlinenumber', Array, 5, '{{onlinenumber}...')
  #4 /Users/atulgrover/Desktop/RAG2/Dokuwiki/inc/parserutils.php(158): p_render('xhtml', Array, NULL)
  #5 /Users/atulgrover/Desktop/RAG2/Dokuwiki/inc/parserutils.php(97): p_cached_output('/Users/atulgrov...', 'xhtml', 'sidebar')
  #6 /Users/atulgrover/Desktop/RAG2/Dokuwiki/inc/template.php(1680): p_wiki_xhtml('sidebar', '', false)
  #7 /Users/atulgrover/Desktop/RAG2/Dokuwiki/lib/tpl/dokuwiki/main.php(43): tpl_include_page('sidebar', true, true)
  #8 /Users/atulgrover/Desktop/RAG2/Dokuwiki/inc/actions.php(30): include('/Users/atulgrov...')
  #9 /Users/atulgrover/Desktop/RAG2/Dokuwiki/doku.php(131): act_dispatch()
  #10 /Users/atulgrover/Desktop/RAG2/Dokuwiki/index.php(76): require('/Users/atulgrov...')
  #11 {main}
