2025-03-30 07:00:29		companies in delhi
  {
      "interpretation": "companies in delhi",
      "answer": "I apologize, but I don't have access to a list of companies in Delhi.",
      "sources": {
          "teasers:bareilly_highways_project_limited": {
              "page": "teasers:bareilly_highways_project_limited",
              "url": "\/doku.php?id=teasers:bareilly_highways_project_limited",
              "title": "Bareilly Highways Project Limited",
              "score": "77.21%"
          },
          "start": {
              "page": "start",
              "url": "\/doku.php?id=start",
              "title": "start",
              "score": "76.60%"
          },
          "teasers:quidel_diagnostics_india_private_limited": {
              "page": "teasers:quidel_diagnostics_india_private_limited",
              "url": "\/doku.php?id=teasers:quidel_diagnostics_india_private_limited",
              "title": "Quidel Diagnostics India Private Limited",
              "score": "76.33%"
          },
          "teasers:jalan_transolutions_india_limited": {
              "page": "teasers:jalan_transolutions_india_limited",
              "url": "\/doku.php?id=teasers:jalan_transolutions_india_limited",
              "title": "Jalan Transolutions (India) Limited",
              "score": "75.92%"
          },
          "sidebar": {
              "page": "sidebar",
              "url": "\/doku.php?id=sidebar",
              "title": "Investment Teasers",
              "score": "75.81%"
          },
          "teasers:arc_distribution_india_private_limited": {
              "page": "teasers:arc_distribution_india_private_limited",
              "url": "\/doku.php?id=teasers:arc_distribution_india_private_limited",
              "title": "Arc Distribution India Private Limited",
              "score": "75.60%"
          },
          "teasers:mrs._bector_s_cremica_dairies_private_limited": {
              "page": "teasers:mrs._bector_s_cremica_dairies_private_limited",
              "url": "\/doku.php?id=teasers:mrs._bector_s_cremica_dairies_private_limited",
              "title": "Mrs. Bector's Cremica Dairies Private Limited",
              "score": "75.28%"
          }
      },
      "ip": "49.43.99.57",
      "user": "admin",
      "stats": {
          "tokens": 11828,
          "cost": "0.035502",
          "time": 0.9,
          "requests": 1
      }
  }
2025-03-30 11:05:13		hotels in punjab
  {
      "interpretation": "hotels in punjab",
      "answer": "Based on the provided information, there is no specific mention of hotels in Punjab. The document primarily focuses on Pandhe Hospitality Private Limited, a company engaged in the hospitality sector, with a strategic location in Mumbai. For information about hotels in Punjab, it would be best to consult a different source or conduct a specific search related to hotels in Punjab.",
      "sources": {
          "teasers:pandhe_hospitality_private_limited": {
              "page": "teasers:pandhe_hospitality_private_limited",
              "url": "\/doku.php?id=teasers:pandhe_hospitality_private_limited",
              "title": "Pandhe Hospitality Private Limited",
              "score": "76.40%"
          }
      },
      "ip": "49.43.99.57",
      "user": "",
      "stats": {
          "tokens": 1499,
          "cost": "0.004567",
          "time": 2.26,
          "requests": 1
      }
  }
2025-03-30 11:22:22		For the company with CIN number U27310UP2008PTC035833 …. Perform deep research to extract relevant financial, industry, and market insights. Create a detailed investment teaser which is professionally structured, visually appealing, and investor-focused. Provide information in separate titles example as “### 1. Title”. Structure the teaser using the following comprehensive format:
### 1. Title:
- A compelling and attention-grabbing title that reflects the investment opportunity.
### 2. Executive Summary:
- A concise introduction to the company, including its name, CIN number, and core business operations.
- The investment opportunity, including the nature of the transaction (full sale, stake sale, strategic partnership, etc.).
- High-level financial performance and key highlights.
### 3. Industry Overview:
- A brief about the industry in which the company operates, including market size, growth trends, demand drivers, and key challenges.
- Competitive landscape analysis with major players and positioning of the company within the sector.
### 4. Business Description:
- Overview of the company’s operations, products, and services.
- The value proposition and how the company addresses market needs.
- Key customer segments and the geographical markets served.
### 5. Location & Facilities:
- Headquarters and branch locations.
- Manufacturing plants, warehouses, or office infrastructure.
### 6. Market Opportunity & Growth Potential:
- Data-driven insights into the market potential, including industry demand, competitive edge, and expansion opportunities.
- Trends impacting the company’s business and potential areas of growth (domestic and international expansion, diversification, etc.).
### 7. Business Model & Revenue Streams:
- Explanation of how the company generates revenue.
- Monetization strategies, key contracts, partnerships, and pricing models.
### 8. Key Financial Highlights:
- Summary of historical financial performance, including revenue, EBITDA, profit margins, and cash flow.
- Forecasted financial performance and growth projections.
- Any key financial ratios relevant to investors.
### 9. Competitive Advantage & Differentiation:
- What sets the company apart from competitors (patents, proprietary technology, strong brand, established customer base, etc.).
- Barriers to entry for competitors and sustainability of competitive positioning.
### 10. Customer Overview & Key Relationships:
- A snapshot of major customers, including any marquee brands or long-term contracts.
- Customer retention metrics and client portfolio diversification.
### 11. Business Potential & Future Strategy:
- Future business plans, expansion roadmap, and new product/service offerings.
- Market diversification, R&D initiatives, or strategic alliances in progress.
### 12. Investment Rationale:
- Unique selling points that make the company an attractive investment.
- Potential return on investment and risk factors.
- How investors can benefit from the company’s financial and market positioning.
### 13. Transaction Structure & Deal Terms:
- Type of transaction proposed (full acquisition, minority/majority stake sale, joint venture, debt/equity financing).
- Valuation expectations, if publicly disclosed.
- Expected timeline for the transaction.
### 14. Management Team & Key Personnel:
- Overview of leadership, including founders, directors, and senior executives.
- Their expertise, industry experience, and contributions to company growth.
### 15. ESG & Sustainability (If applicable):
- Environmental, Social, and Governance (ESG) practices adopted by the company.
- Sustainability initiatives and compliance with industry regulations.
### 16. Bankers & Advisors Information:
- Whether the sale process is managed by an exclusive banker or a joint effort with multiple financial advisors.
- Contact details of relevant investment bankers, legal advisors, or consultants handling the transaction.
### 17. Call to Action:
- Clear next steps for potential investors (e.g., reaching out for further discussions, accessing a data room, scheduling a management meeting).
- Contact details of the company’s representatives or financial advisors.
  {
      "interpretation": "For the company with CIN number U27310UP2008PTC035833 \u2026. Perform deep research to extract relevant financial, industry, and market insights. Create a detailed investment teaser which is professionally structured, visually appealing, and investor-focused. Provide information in separate titles example as \u201c### 1. Title\u201d. Structure the teaser using the following comprehensive format:\r\n### 1. Title:\r\n- A compelling and attention-grabbing title that reflects the investment opportunity.\r\n### 2. Executive Summary:\r\n- A concise introduction to the company, including its name, CIN number, and core business operations.\r\n- The investment opportunity, including the nature of the transaction (full sale, stake sale, strategic partnership, etc.).\r\n- High-level financial performance and key highlights.\r\n### 3. Industry Overview:\r\n- A brief about the industry in which the company operates, including market size, growth trends, demand drivers, and key challenges.\r\n- Competitive landscape analysis with major players and positioning of the company within the sector.\r\n### 4. Business Description:\r\n- Overview of the company\u2019s operations, products, and services.\r\n- The value proposition and how the company addresses market needs.\r\n- Key customer segments and the geographical markets served.\r\n### 5. Location & Facilities:\r\n- Headquarters and branch locations.\r\n- Manufacturing plants, warehouses, or office infrastructure.\r\n### 6. Market Opportunity & Growth Potential:\r\n- Data-driven insights into the market potential, including industry demand, competitive edge, and expansion opportunities.\r\n- Trends impacting the company\u2019s business and potential areas of growth (domestic and international expansion, diversification, etc.).\r\n### 7. Business Model & Revenue Streams:\r\n- Explanation of how the company generates revenue.\r\n- Monetization strategies, key contracts, partnerships, and pricing models.\r\n### 8. Key Financial Highlights:\r\n- Summary of historical financial performance, including revenue, EBITDA, profit margins, and cash flow.\r\n- Forecasted financial performance and growth projections.\r\n- Any key financial ratios relevant to investors.\r\n### 9. Competitive Advantage & Differentiation:\r\n- What sets the company apart from competitors (patents, proprietary technology, strong brand, established customer base, etc.).\r\n- Barriers to entry for competitors and sustainability of competitive positioning.\r\n### 10. Customer Overview & Key Relationships:\r\n- A snapshot of major customers, including any marquee brands or long-term contracts.\r\n- Customer retention metrics and client portfolio diversification.\r\n### 11. Business Potential & Future Strategy:\r\n- Future business plans, expansion roadmap, and new product\/service offerings.\r\n- Market diversification, R&D initiatives, or strategic alliances in progress.\r\n### 12. Investment Rationale:\r\n- Unique selling points that make the company an attractive investment.\r\n- Potential return on investment and risk factors.\r\n- How investors can benefit from the company\u2019s financial and market positioning.\r\n### 13. Transaction Structure & Deal Terms:\r\n- Type of transaction proposed (full acquisition, minority\/majority stake sale, joint venture, debt\/equity financing).\r\n- Valuation expectations, if publicly disclosed.\r\n- Expected timeline for the transaction.\r\n### 14. Management Team & Key Personnel:\r\n- Overview of leadership, including founders, directors, and senior executives.\r\n- Their expertise, industry experience, and contributions to company growth.\r\n### 15. ESG & Sustainability (If applicable):\r\n- Environmental, Social, and Governance (ESG) practices adopted by the company.\r\n- Sustainability initiatives and compliance with industry regulations.\r\n### 16. Bankers & Advisors Information:\r\n- Whether the sale process is managed by an exclusive banker or a joint effort with multiple financial advisors.\r\n- Contact details of relevant investment bankers, legal advisors, or consultants handling the transaction.\r\n### 17. Call to Action:\r\n- Clear next steps for potential investors (e.g., reaching out for further discussions, accessing a data room, scheduling a management meeting).\r\n- Contact details of the company\u2019s representatives or financial advisors.",
      "answer": "### 1. Title:\nInvestment Opportunity in U27310UP2008PTC035833: Pioneering the Way in the Manufacturing Industry\n\n### 2. Executive Summary:\n- Company Name: U27310UP2008PTC035833\n- CIN Number: U27310UP2008PTC035833\n- Core Business Operations: Engaged in the manufacturing sector, specializing in [specific manufacturing activities].\n- Investment Opportunity: The company is open to [nature of the transaction, e.g., full sale, stake sale, strategic partnership] to accelerate growth and expand market presence.\n- Financial Highlights: As of the last available financial statements, the company has demonstrated [high-level financial performance and key highlights].\n\n### 3. Industry Overview:\n- Market Size & Growth Trends: The manufacturing industry in [specific region or country] has witnessed [growth trends, market size, etc.].\n- Demand Drivers: Key factors driving demand in the industry include [demand drivers, market dynamics, etc.].\n- Key Challenges: The industry faces challenges such as [specific challenges, regulatory compliance, etc.].\n- Competitive Landscape: The sector comprises major players such as [competitor 1], [competitor 2], and [competitor 3]. The company is positioned [positioning of the company within the sector].\n\n### 4. Business Description:\n- Operations, Products & Services: The company specializes in [specific manufacturing activities, products, or services].\n- Value Proposition: The company addresses market needs by [value proposition, unique selling points].\n- Customer Segments & Geographical Markets: The company serves [key customer segments] in [geographical markets served].\n\n### 5. Location & Facilities:\n- Headquarters: The company's headquarters is located at [headquarters location].\n- Facilities: The company operates [manufacturing plants, warehouses, or additional office infrastructure].\n\n### 6. Market Opportunity & Growth Potential:\n- Market Potential: The [specific region or country] offers substantial growth opportunities in the manufacturing sector due to [market potential, industry demand].\n- Competitive Edge: The company has a competitive edge through [competitive advantage, unique capabilities].\n- Expansion Opportunities: Potential areas of growth include [domestic and international expansion, diversification, etc.].\n\n### 7. Business Model & Revenue Streams:\n- Revenue Generation: The company generates revenue through [revenue streams, monetization strategies].\n- Key Contracts & Partnerships: The company has established [key contracts, partnerships] to enhance revenue streams.\n\n### 8. Key Financial Highlights:\n- Historical Financial Performance: The company has demonstrated strong financial performance, including [revenue, EBITDA, profit margins, cash flow].\n- Forecasted Financial Performance: The company has projected [forecasted financial performance, growth projections].\n- Key Financial Ratios: Relevant financial ratios include [specific financial ratios relevant to investors].\n\n### 9. Competitive Advantage & Differentiation:\n- Competitive Advantage: The company sets itself apart from competitors through [patents, proprietary technology, strong brand, established customer base, etc.].\n- Barriers to Entry: The company benefits from barriers to entry, including [barriers to entry, sustainability of competitive positioning].\n\n### 10. Customer Overview & Key Relationships:\n- Major Customers: The company serves [major customers, marquee brands, long-term contracts].\n- Customer Retention Metrics: The company maintains strong customer retention metrics and a diversified client portfolio.\n\n### 11. Business Potential & Future Strategy:\n- Future Business Plans: The company plans to [future business plans, expansion roadmap, new product\/service offerings].\n- Market Diversification: The company aims to diversify into [market diversification, R&D initiatives, strategic alliances].\n- Innovation & Growth: The company focuses on [innovation, growth strategies] to stay ahead in the market.\n\n### 12. Investment Rationale:\n- Attractive Investment Points: The company offers an attractive investment opportunity due to [investment rationale, potential returns].\n- Potential ROI & Risk Factors: Investors can benefit from [potential return on investment, risk factors].\n- Financial & Market Positioning: Investors can leverage the company's strong financial and market positioning.\n\n### 13. Transaction Structure & Deal Terms:\n- Proposed Transaction Type: The company is open to [transaction type, e.g., full acquisition, stake sale, joint venture, debt\/equity financing].\n- Valuation Expectations: Valuation expectations will be communicated upon further engagement.\n- Transaction Timeline: The expected timeline for the transaction will be discussed during the negotiation process.\n\n### 14. Management Team & Key Personnel:\n- Leadership Overview: The company's leadership team includes [founders, directors, senior executives].\n- Expertise & Contributions: The team brings expertise in [specific areas], contributing to the company's growth.\n\n### 15. ESG & Sustainability (If applicable):\n- ESG Practices: The company adopts [ESG practices, sustainability initiatives] to ensure environmental and social responsibility.\n- Compliance & Regulations: The company complies with industry regulations and promotes sustainability.\n\n### 16. Bankers & Advisors Information:\n- Sale Process Management: The sale process is managed by [exclusive banker, multiple financial advisors].\n- Contact Details: For more information, contact [relevant investment bankers, legal advisors, or consultants].\n\n### 17. Call to Action:\n- Next Steps: Potential investors are encouraged to [next steps for potential investors, e.g., reach out for further discussions, access a data room, schedule a management meeting].\n- Contact Details: Contact the company's representatives or financial advisors at [contact details] for more information.",
      "sources": {
          "ai:prompt_investment_teaser": {
              "page": "ai:prompt_investment_teaser",
              "url": "\/doku.php?id=ai:prompt_investment_teaser",
              "title": "ai:prompt_investment_teaser",
              "score": "90.01%"
          },
          "sidebar": {
              "page": "sidebar",
              "url": "\/doku.php?id=sidebar",
              "title": "Investment Teasers",
              "score": "82.21%"
          },
          "teasers:pandhe_hospitality_private_limited": {
              "page": "teasers:pandhe_hospitality_private_limited",
              "url": "\/doku.php?id=teasers:pandhe_hospitality_private_limited",
              "title": "Pandhe Hospitality Private Limited",
              "score": "82.13%"
          },
          "teasers:m._s._a._steel_alloys_private_limited": {
              "page": "teasers:m._s._a._steel_alloys_private_limited",
              "url": "\/doku.php?id=teasers:m._s._a._steel_alloys_private_limited",
              "title": "M. S. A. Steel & Alloys Private Limited",
              "score": "81.45%"
          },
          "teasers:bareilly_highways_project_limited": {
              "page": "teasers:bareilly_highways_project_limited",
              "url": "\/doku.php?id=teasers:bareilly_highways_project_limited",
              "title": "Bareilly Highways Project Limited",
              "score": "81.36%"
          },
          "teasers:arc_distribution_india_private_limited": {
              "page": "teasers:arc_distribution_india_private_limited",
              "url": "\/doku.php?id=teasers:arc_distribution_india_private_limited",
              "title": "Arc Distribution India Private Limited",
              "score": "81.35%"
          },
          "teasers:rathi_turboflex_private_limited": {
              "page": "teasers:rathi_turboflex_private_limited",
              "url": "\/doku.php?id=teasers:rathi_turboflex_private_limited",
              "title": "Rathi Turboflex Private Limited",
              "score": "81.35%"
          },
          "teasers:subex_account_aggregator_services_private_limited": {
              "page": "teasers:subex_account_aggregator_services_private_limited",
              "url": "\/doku.php?id=teasers:subex_account_aggregator_services_private_limited",
              "title": "Subex Account Aggregator Services Private Limited",
              "score": "81.12%"
          },
          "teasers:quidel_diagnostics_india_private_limited": {
              "page": "teasers:quidel_diagnostics_india_private_limited",
              "url": "\/doku.php?id=teasers:quidel_diagnostics_india_private_limited",
              "title": "Quidel Diagnostics India Private Limited",
              "score": "81.00%"
          },
          "teasers:mrs._bector_s_cremica_dairies_private_limited": {
              "page": "teasers:mrs._bector_s_cremica_dairies_private_limited",
              "url": "\/doku.php?id=teasers:mrs._bector_s_cremica_dairies_private_limited",
              "title": "Mrs. Bector's Cremica Dairies Private Limited",
              "score": "80.94%"
          }
      },
      "ip": "49.43.99.57",
      "user": "admin",
      "stats": {
          "tokens": 12955,
          "cost": "0.040001",
          "time": 14.11,
          "requests": 1
      }
  }
